for clonning

$ git clone https://github.com/trang-tech/lab-bash.git

ls 

==========================================================



1. Excercise
echo "Hello World"

2. Second excercise
mkdir new_dir

3.  rm -rf new_dir
================================
4. Copy the file `sed.txt` from the `lorem` folder and paste it to the folder `lorem-copy` folder..  

$ cp sed.txt /c/Users/HP/Ironhack/Week_1/day_1/morning/lab-bash/lorem-copy
========================
5.
HP@DESKTOP-H82FM6Q MINGW64 ~/Ironhack/Week_1/day_1/morning/lab-bash/lorem (master)
$ cp -t /c/Users/HP/Ironhack/Week_1/day_1/morning/lab-bash/lorem-copy at.txt lorem.txt

=========================================================
6. Show the `sed.txt` file content from the `lorem` folder

HP@DESKTOP-H82FM6Q MINGW64 ~/Ironhack/Week_1/day_1/morning/lab-bash/lorem (master)
$ cat sed.txt
Sed ut perspiciatis unde omnis iste natus error sit voluptatem accusantium doloremque laudantium,
totam rem aperiam, eaque ipsa quae ab illo inventore veritatis et quasi architecto beatae vitae dicta sunt explicabo.
Nemo enim ipsam voluptatem quia voluptas sit aspernatur aut odit aut fugit,
sed quia consequuntur magni dolores eos qui ratione voluptatem sequi nesciunt.
Neque porro quisquam est, qui dolorem ipsum quia dolor sit amet, consectetur, adipisci velit,
sed quia non numquam eius modi tempora incidunt ut labore et dolore magnam aliquam quaerat voluptatem.
Ut enim ad minima veniam, quis nostrum exercitationem ullam corporis suscipit laboriosam,
nisi ut aliquid ex ea commodi consequatur? Quis autem vel eum iure reprehenderit qui in ea voluptate velit esse quam nihil molestiae consequatur,
vel illum qui dolorem eum fugiat quo voluptas nulla pariatur?Homo homini lupus


==================================
7. Show the `at.txt` file and `lorem.txt` file contents from `lorem` folder.

HP@DESKTOP-H82FM6Q MINGW64 ~/Ironhack/Week_1/day_1/morning/lab-bash/lorem (master)
$ cat at.txt
At vero eos ET accusamus ET iusto odio dignissimos ducimus qui blanditiis praesentium voluptatum
deleniti atque corrupti quos dolores ET quas molestias excepturi sint occaecati cupiditate non
provident, similique sunt in culpa qui officia deserunt mollitia animi, id est laborum ET dolorum fuga.
Et harum quidem rerum facilis est ET expedita distinctio.
Nam libero tempore, cum soluta nobis est eligendi optio cumque nihil impedit quo minus id quod
maxime placeat facere possimus, omnis voluptas assumenda est, omnis dolor repellendus.
Temporibus autem quibusdam ET aut officiis debitis aut rerum necessitatibus saepe eveniET
ut ET voluptates repudiandae sint ET molestiae non recusandae.
Itaque earum rerum hic tenETur a sapiente delectus, ut aut reiciendis voluptatibus maiores
alias consequatur aut perferendis doloribus asperiores repellat




HP@DESKTOP-H82FM6Q MINGW64 ~/Ironhack/Week_1/day_1/morning/lab-bash/lorem (master)
$ cat lorem.txt
Lorem ipsum dolor sit amet, consectetur adipiscing elit, sed do eiusmod tempor incididunt ut labore et dolore magna aliqua.
Ut enim ad minim veniam, quis nostrud exercitation ullamco laboris nisi ut aliquip ex ea commodo consequat.
Duis aute irure dolor in reprehenderit in voluptate velit esse cillum dolore eu fugiat nulla pariatur.
Excepteur sint occaecat cupidatat non proident, sunt in culpa qui officia deserunt mollit anim id est laborum.


==============================================================
8. Print the first 3 rows in `sed.txt` file from lorem-copy folder

HP@DESKTOP-H82FM6Q MINGW64 ~/Ironhack/Week_1/day_1/morning/lab-bash/lorem-copy (master)
$ head -3 sed.txt
Sed ut perspiciatis unde omnis iste natus error sit voluptatem accusantium doloremque laudantium,
totam rem aperiam, eaque ipsa quae ab illo inventore veritatis et quasi architecto beatae vitae dicta sunt explicabo.
Nemo enim ipsam voluptatem quia voluptas sit aspernatur aut odit aut fugit,


=============================================================
9. Print the last 3 rows in `sed.txt` file from lorem-copy folder

HP@DESKTOP-H82FM6Q MINGW64 ~/Ironhack/Week_1/day_1/morning/lab-bash/lorem-copy (master)
$ tail -3 sed.txt
Ut enim ad minima veniam, quis nostrum exercitationem ullam corporis suscipit laboriosam,
nisi ut aliquid ex ea commodi consequatur? Quis autem vel eum iure reprehenderit qui in ea voluptate velit esse quam nihil molestiae consequatur,
vel illum qui dolorem eum fugiat quo voluptas nulla pariatur?Homo homini lupus



================================
10. Add `Homo homini lupus.` at the end of `sed.txt` file in the `lorem-copy` folder.


HP@DESKTOP-H82FM6Q MINGW64 ~/Ironhack/Week_1/day_1/morning/lab-bash/lorem-copy (master)
$ echo "Homo homini lupus" >> sed.txt

HP@DESKTOP-H82FM6Q MINGW64 ~/Ironhack/Week_1/day_1/morning/lab-bash/lorem-copy (master)
$ cat sed.txt
Sed ut perspiciatis unde omnis iste natus error sit voluptatem accusantium doloremque laudantium,
totam rem aperiam, eaque ipsa quae ab illo inventore veritatis et quasi architecto beatae vitae dicta sunt explicabo.
Nemo enim ipsam voluptatem quia voluptas sit aspernatur aut odit aut fugit,
sed quia consequuntur magni dolores eos qui ratione voluptatem sequi nesciunt.
Neque porro quisquam est, qui dolorem ipsum quia dolor sit amet, consectetur, adipisci velit,
sed quia non numquam eius modi tempora incidunt ut labore et dolore magnam aliquam quaerat voluptatem.
Ut enim ad minima veniam, quis nostrum exercitationem ullam corporis suscipit laboriosam,
nisi ut aliquid ex ea commodi consequatur? Quis autem vel eum iure reprehenderit qui in ea voluptate velit esse quam nihil molestiae consequatur,
vel illum qui dolorem eum fugiat quo voluptas nulla pariatur?Homo homini lupus
Homo homini lupus


===================================================================
11. Print the last 3 rows in `sed.txt` file from `lorem-copy` folder. You should see `Homo homini lupus.`.

$ tail -3 sed.txt
nisi ut aliquid ex ea commodi consequatur? Quis autem vel eum iure reprehenderit qui in ea voluptate velit esse quam nihil molestiae consequatur,
vel illum qui dolorem eum fugiat quo voluptas nulla pariatur?Homo homini lupus
Homo homini lupus

==============================================================
 12. `sed` command is used to replace the text in a file. Use the `sed` command to replace all occurances of 
`et` with `ET` in the file `at.txt` file present in the folder `lorem`.


 sed 's/get/ET/' at.txt
 cat at.txt
cat sed.txt


=================================================
13. Find who is the system user.

$ git config user.name
Aparna Muratkar;

=====================================================
 14. current Directory
	pwd

==================================================

15. Txt file from lorem folder 
	$ ls *.txt
    
at.txt  lorem.txt  sed.txt

==========================================================
16. Count the rows in sed.txt file from lorem folder. Look concatenate cat and wc with the pipe |.

	HP@DESKTOP-H82FM6Q MINGW64 ~/Ironhack/Week_1/day_1/morning/lab-bash/lorem (master)
$ wc -l sed.txt
9 sed.txt


	$ cat sed.txt
	$ cat | wc -l sed.txt
===============================================

17. Count the **files** which start with `lorem` in all directories.

=======================================
20 Store your name in a variable with read command.

HP@DESKTOP-H82FM6Q MINGW64 ~/ironhack/week_1/day_1/morning/lab-bash (master)
$ read input
Aparna

21 Print that variable.

HP@DESKTOP-H82FM6Q MINGW64 ~/ironhack/week_1/day_1/morning/lab-bash (master)
$ echo $input
Aparna

================
22. Create a new directory named with variable name.
23. Remove that directory.

HP@DESKTOP-H82FM6Q MINGW64 ~/ironhack/week_1/day_1/morning/lab-bash (master)
$ mkdir input

HP@DESKTOP-H82FM6Q MINGW64 ~/ironhack/week_1/day_1/morning/lab-bash (master)
$ rm -rf input




